
2025/07/08 (19:56:44) | ===> btop++ v.1.4.0
2025/07/08 (19:56:44) | WARNING: Intel GPU: Failed to initialize PMU
2025/07/08 (19:57:05) | WARNING: Failed to join _runner thread on exit!

2025/07/08 (19:59:22) | ===> btop++ v.1.4.0
2025/07/08 (19:59:22) | WARNING: Intel GPU: Failed to initialize PMU

2025/07/08 (20:02:32) | ===> btop++ v.1.4.0
2025/07/08 (20:02:32) | WARNING: Intel GPU: Failed to initialize PMU

2025/07/09 (22:32:16) | ===> btop++ v.1.4.0
2025/07/09 (22:32:16) | WARNING: Intel GPU: Failed to initialize PMU

2025/07/12 (00:59:25) | ===> btop++ v.1.4.0
2025/07/12 (00:59:25) | WARNING: Intel GPU: Failed to initialize PMU
2025/07/12 (00:59:48) | ERROR: Couldn't determine terminal size of "STDOUT_FILENO"!
2025/07/12 (00:59:48) | ERROR: Couldn't determine terminal size of "/dev/tty"!

2025/07/12 (14:59:14) | ===> btop++ v.1.4.0
2025/07/12 (14:59:14) | WARNING: Intel GPU: Failed to initialize PMU
2025/07/12 (15:16:26) | WARNING: Failed to join _runner thread on exit!

2025/07/14 (10:12:29) | ===> btop++ v.1.4.0
2025/07/14 (10:12:29) | WARNING: Intel GPU: Failed to initialize PMU

2025/07/19 (01:34:19) | ===> btop++ v.1.4.0
2025/07/19 (01:34:19) | WARNING: Intel GPU: Failed to initialize PMU
2025/07/19 (02:27:10) | WARNING: Failed to join _runner thread on exit!

2025/07/19 (04:26:53) | ===> btop++ v.1.4.0
2025/07/19 (04:26:53) | WARNING: Intel GPU: Failed to initialize PMU
2025/07/19 (04:47:17) | WARNING: Failed to join _runner thread on exit!

2025/07/20 (15:06:14) | ===> btop++ v.1.4.0
2025/07/20 (15:06:14) | WARNING: Intel GPU: Failed to initialize PMU
2025/07/20 (15:25:03) | ERROR: Couldn't determine terminal size of "STDOUT_FILENO"!
2025/07/20 (15:25:03) | ERROR: Couldn't determine terminal size of "/dev/tty"!

2025/07/23 (01:11:11) | ===> btop++ v.1.4.0
2025/07/23 (01:11:11) | WARNING: Intel GPU: Failed to initialize PMU

2025/07/23 (16:00:29) | ===> btop++ v.1.4.0
2025/07/23 (16:00:29) | WARNING: Intel GPU: Failed to initialize PMU
2025/07/23 (16:00:47) | WARNING: Failed to join _runner thread on exit!

2025/07/23 (16:00:58) | ===> btop++ v.1.4.0
2025/07/23 (16:00:58) | WARNING: Intel GPU: Failed to initialize PMU
2025/07/23 (16:01:19) | WARNING: Failed to join _runner thread on exit!

2025/07/23 (16:01:41) | ===> btop++ v.1.4.0
2025/07/23 (16:01:41) | WARNING: Intel GPU: Failed to initialize PMU
2025/07/23 (16:02:53) | WARNING: Failed to join _runner thread on exit!

2025/07/23 (16:02:54) | ===> btop++ v.1.4.0
2025/07/23 (16:02:54) | WARNING: Intel GPU: Failed to initialize PMU

2025/07/23 (16:35:07) | ===> btop++ v.1.4.0
2025/07/23 (16:35:07) | WARNING: Intel GPU: Failed to initialize PMU
2025/07/23 (16:35:55) | WARNING: Failed to join _runner thread on exit!

2025/07/24 (10:52:40) | ===> btop++ v.1.4.0
2025/07/24 (10:52:40) | WARNING: Intel GPU: Failed to initialize PMU
2025/07/24 (13:25:08) | WARNING: Failed to join _runner thread on exit!

2025/07/25 (22:17:04) | ===> btop++ v.1.4.0
2025/07/25 (22:17:04) | WARNING: Intel GPU: Failed to initialize PMU

2025/07/25 (22:26:23) | ===> btop++ v.1.4.0
2025/07/25 (22:26:23) | WARNING: Intel GPU: Failed to initialize PMU

2025/07/26 (00:29:58) | ===> btop++ v.1.4.0
2025/07/26 (00:29:58) | WARNING: Intel GPU: Failed to initialize PMU

2025/07/27 (10:49:56) | ===> btop++ v.1.4.0
2025/07/27 (10:49:56) | WARNING: Intel GPU: Failed to initialize PMU

2025/07/27 (14:26:57) | ===> btop++ v.1.4.0
2025/07/27 (14:26:57) | WARNING: Intel GPU: Failed to initialize PMU
2025/07/27 (14:27:17) | WARNING: Failed to join _runner thread on exit!

2025/07/27 (20:24:01) | ===> btop++ v.1.4.0
2025/07/27 (20:24:01) | WARNING: Intel GPU: Failed to initialize PMU
2025/07/27 (20:43:22) | WARNING: Failed to join _runner thread on exit!

2025/07/27 (21:10:02) | ===> btop++ v.1.4.0
2025/07/27 (21:10:02) | WARNING: Intel GPU: Failed to initialize PMU

2025/07/29 (09:06:02) | ===> btop++ v.1.4.0
2025/07/29 (09:06:02) | WARNING: Intel GPU: Failed to initialize PMU

2025/08/04 (21:27:25) | ===> btop++ v.1.4.0
2025/08/04 (21:27:25) | WARNING: Intel GPU: Failed to initialize PMU

2025/08/04 (22:05:25) | ===> btop++ v.1.4.0
2025/08/04 (22:05:25) | WARNING: Intel GPU: Failed to initialize PMU
